[iphone11giveaway.club/index.html]
[backblue.gif]
[fade.gif]
[index.html]
[iphone11giveaway.club/img/favicon.ico]
[iphone11giveaway.club/img/apple-icon-57x57.html]
[iphone11giveaway.club/img/apple-icon-60x60.html]
[iphone11giveaway.club/img/apple-icon-72x72.html]
[iphone11giveaway.club/img/apple-icon-76x76.html]
[iphone11giveaway.club/img/apple-icon-114x114.html]
[iphone11giveaway.club/img/apple-icon-120x120.html]
[iphone11giveaway.club/img/apple-icon-144x144.html]
[iphone11giveaway.club/img/apple-icon-152x152.html]
[iphone11giveaway.club/img/apple-icon-180x180.html]
[iphone11giveaway.club/img/android-icon-192x192.html]
[iphone11giveaway.club/img/favicon-32x32.html]
[iphone11giveaway.club/img/favicon-96x96.html]
[iphone11giveaway.club/img/favicon-16x16.png]
[iphone11giveaway.club/img/manifest.html]
[iphone11giveaway.club/img/ms-icon-144x144.html]
[iphone11giveaway.club/img/iphone.png]
[iphone11giveaway.club/css/fancySelect.css]
[iphone11giveaway.club/maxcdn.bootstrapcdn.com/font-awesome/4.5.0/css/font-awesome.min.css]
[iphone11giveaway.club/css/bootstrap.min.css]
[iphone11giveaway.club/css/sweet-alert.css]
[iphone11giveaway.club/css/animate.css]
[iphone11giveaway.club/css/magnific-popup.css]
[iphone11giveaway.club/css/style.css]
[iphone11giveaway.club/img/header-logo.png]
[iphone11giveaway.club/img/header-button-img.png]
[iphone11giveaway.club/img/header-img-right-1.png]
[iphone11giveaway.club/img/section-first-mid-img-1.png]
[iphone11giveaway.club/img/section-first-mid-img-2.png]
[iphone11giveaway.club/img/select-phone-img-1.png]
[iphone11giveaway.club/img/select-phone-img-2.png]
[iphone11giveaway.club/img/hv.png]
[iphone11giveaway.club/ajax.googleapis.com/ajax/libs/jquery/2.1.4/jquery.min.js]
[iphone11giveaway.club/js/validator.min.js]
[iphone11giveaway.club/js/sweet-alert.min.js]
[iphone11giveaway.club/js/jquery.magnific-popup.min.js]
[iphone11giveaway.club/js/jquery.parallax-1.1.3.js]
[iphone11giveaway.club/js/main.js]
[iphone11giveaway.club/widgets.amung.us/classic/00/14.html]
[iphone11giveaway.club/index.html]
[iphone11giveaway.club/img/apple-icon-57x57.html]
[iphone11giveaway.club/img/apple-icon-60x60.html]
[iphone11giveaway.club/img/apple-icon-72x72.html]
[iphone11giveaway.club/img/apple-icon-76x76.html]
[iphone11giveaway.club/img/apple-icon-114x114.html]
[iphone11giveaway.club/img/apple-icon-120x120.html]
[iphone11giveaway.club/img/apple-icon-144x144.html]
[iphone11giveaway.club/img/apple-icon-152x152.html]
[iphone11giveaway.club/img/apple-icon-180x180.html]
[iphone11giveaway.club/img/android-icon-192x192.html]
[iphone11giveaway.club/img/favicon-32x32.html]
[iphone11giveaway.club/img/favicon-96x96.html]
[iphone11giveaway.club/img/manifest.html]
[iphone11giveaway.club/img/ms-icon-144x144.html]
[iphone11giveaway.club/css/fancySelect.css]
[iphone11giveaway.club/maxcdn.bootstrapcdn.com/font-awesome/4.5.0/css/font-awesome.min.css]
[iphone11giveaway.club/fonts/glyphicons-halflings-regular.html]
[iphone11giveaway.club/fonts/glyphicons-halflings-regulard41dd41dd41dd41dd41dd41dd41d.html]
[iphone11giveaway.club/fonts/glyphicons-halflings-regular-2.html]
[iphone11giveaway.club/fonts/glyphicons-halflings-regular-3.html]
[iphone11giveaway.club/fonts/glyphicons-halflings-regular-4.html]
[iphone11giveaway.club/fonts/glyphicons-halflings-regular-5.html]
[iphone11giveaway.club/css/bootstrap.min.css]
[iphone11giveaway.club/css/sweet-alert.css]
[iphone11giveaway.club/css/animate.css]
[iphone11giveaway.club/css/magnific-popup.css]
[iphone11giveaway.club/img/headerbg.html]
[iphone11giveaway.club/css/style.css]
[iphone11giveaway.club/connect.facebook.net/en_US/fbevents.html]
[iphone11giveaway.club/static.addtoany.com/menu/page.html]
[iphone11giveaway.club/widgets.amung.us/classic/00/14.html]
[iphone11giveaway.club/img-sys/favicon.html]
[iphone11giveaway.club/img-sys/css/style.min.html]
[iphone11giveaway.club/img-sys/js/respond.min.html]
[iphone11giveaway.club/img-sys/js/modernizr-2.6.2.min.html]
[iphone11giveaway.club/img-sys/img/snappy.html]
[iphone11giveaway.club/fonts/glyphicons-halflings-regular.html]
[iphone11giveaway.club/fonts/glyphicons-halflings-regulard41dd41dd41dd41dd41dd41dd41d.html]
[iphone11giveaway.club/fonts/glyphicons-halflings-regular-2.html]
[iphone11giveaway.club/fonts/glyphicons-halflings-regular-3.html]
[iphone11giveaway.club/fonts/glyphicons-halflings-regular-4.html]
[iphone11giveaway.club/fonts/glyphicons-halflings-regular-5.html]
[iphone11giveaway.club/img/headerbg.html]
